2026-08-26T15:48:47.547Z [INFO]: Server is running on http://localhost:3000
2026-08-26T15:48:47.611Z [INFO]: Connected to MongoDB...
2026-08-26T15:48:47.627Z [INFO]: Existing Customers in DB:
2026-08-26T15:48:47.628Z [INFO]: Existing Movies in DB:
2026-08-26T15:48:47.638Z [INFO]: Existing Genres in DB:
2026-08-26T15:48:58.876Z [INFO]: Server is running on http://localhost:3000
2026-08-26T15:48:58.940Z [INFO]: Connected to MongoDB...
2026-08-26T15:48:58.956Z [INFO]: Existing Customers in DB:
2026-08-26T15:48:58.958Z [INFO]: Existing Movies in DB:
2026-08-26T15:48:58.968Z [INFO]: Existing Genres in DB:
2026-08-26T15:49:37.453Z [INFO]: Server is running on http://localhost:3000
2026-08-26T15:49:37.533Z [INFO]: Connected to MongoDB...
2026-08-26T15:49:37.555Z [INFO]: Existing Customers in DB:
2026-08-26T15:49:37.558Z [INFO]: Existing Movies in DB:
2026-08-26T15:49:37.571Z [INFO]: Existing Genres in DB:
2026-08-26T16:11:37.688Z [INFO]: Server is running on http://localhost:3000
2026-08-26T16:11:37.695Z [ERROR]: unhandledRejection: Promise rejected
Error: Promise rejected
    at <anonymous> (C:\Users\sanke\Documents\Sanket-PC\E-Drive\New-folder-Sanket\Workspace\Projects\Vidify\src\index.ts:19:26)
    at ModuleJob.run (node:internal/modules/esm/module_job:439:25)
    at async node:internal/modules/esm/loader:633:26
    at async asyncRunEntryPointWithESMLoader (node:internal/modules/run_main:101:5)
2026-08-26T16:12:49.255Z [INFO]: Server is running on http://localhost:3000
2026-08-26T16:12:49.347Z [INFO]: Connected to MongoDB...
2026-08-26T16:12:49.366Z [INFO]: Existing Customers in DB:
2026-08-26T16:12:49.369Z [INFO]: Existing Movies in DB:
2026-08-26T16:12:49.384Z [INFO]: Existing Genres in DB:
2026-08-26T16:19:23.708Z [INFO]: Server is running on http://localhost:3000
2026-08-26T16:19:23.850Z [INFO]: Connected to MongoDB...
2026-08-26T16:19:23.868Z [INFO]: Existing Customers in DB:
2026-08-26T16:19:23.870Z [INFO]: Existing Movies in DB:
2026-08-26T16:19:23.881Z [INFO]: Existing Genres in DB:
2026-08-26T16:20:40.434Z [INFO]: Server is running on http://localhost:3000
2026-08-26T16:20:40.583Z [INFO]: Connected to MongoDB...
2026-08-26T16:20:40.644Z [INFO]: Existing Customers in DB:
2026-08-26T16:20:40.647Z [INFO]: Existing Movies in DB:
2026-08-26T16:20:40.661Z [INFO]: Existing Genres in DB:
2026-08-26T16:24:15.509Z [INFO]: Server is running on http://localhost:3000
2026-08-26T16:24:25.519Z [ERROR]: undefined
2026-08-26T16:24:25.583Z [ERROR]: undefined
2026-08-26T16:24:25.584Z [ERROR]: undefined
2026-08-26T16:24:25.592Z [ERROR]: undefined
2026-08-26T16:24:31.775Z [INFO]: Server is running on http://localhost:3000
2026-08-26T16:24:41.774Z [ERROR]: undefined
2026-08-26T16:24:41.791Z [ERROR]: undefined
2026-08-26T16:24:41.793Z [ERROR]: undefined
2026-08-26T16:24:41.809Z [ERROR]: undefined
2026-08-26T16:24:51.818Z [ERROR]: undefined
2026-08-26T16:24:51.823Z [ERROR]: undefined
2026-08-26T16:24:51.855Z [ERROR]: undefined
2026-08-26T16:25:07.073Z [INFO]: Server is running on http://localhost:3000
2026-08-26T16:25:07.163Z [INFO]: Connected to MongoDB...
2026-08-26T16:25:07.181Z [INFO]: Existing Customers in DB:
2026-08-26T16:25:07.187Z [INFO]: Existing Movies in DB:
2026-08-26T16:25:07.199Z [INFO]: Existing Genres in DB:
2026-08-26T16:26:52.869Z [INFO]: Server is running on http://localhost:3000
2026-08-26T16:26:52.956Z [INFO]: Connected to MongoDB...
2026-08-26T16:26:52.972Z [INFO]: Existing Customers in DB:
2026-08-26T16:26:52.975Z [INFO]: Existing Movies in DB:
2026-08-26T16:26:52.989Z [INFO]: Existing Genres in DB:
2026-08-26T16:27:01.042Z [INFO]: Server is running on http://localhost:3000
2026-08-26T16:27:01.191Z [INFO]: Connected to MongoDB...
2026-08-26T16:27:01.232Z [INFO]: Existing Customers in DB:
2026-08-26T16:27:01.234Z [INFO]: Existing Movies in DB:
2026-08-26T16:27:01.247Z [INFO]: Existing Genres in DB:
2026-08-26T16:29:38.386Z [INFO]: Server is running on http://localhost:3000
2026-08-26T16:29:38.427Z [INFO]: Connected to MongoDB...
2026-08-26T16:29:38.444Z [INFO]: Existing Customers in DB:
2026-08-26T16:29:38.447Z [INFO]: Existing Movies in DB:
2026-08-26T16:29:38.457Z [INFO]: Existing Genres in DB:
2026-08-26T16:30:05.865Z [INFO]: Server is running on http://localhost:3000
2026-08-26T16:30:05.949Z [INFO]: Connected to MongoDB...
2026-08-26T16:30:05.967Z [INFO]: Existing Customers in DB:
2026-08-26T16:30:05.969Z [INFO]: Existing Movies in DB:
2026-08-26T16:30:05.984Z [INFO]: Existing Genres in DB:
2026-08-26T16:31:14.130Z [INFO]: Server is running on http://localhost:3000
2026-08-26T16:31:14.224Z [INFO]: Connected to MongoDB...
2026-08-26T16:31:14.241Z [INFO]: Existing Customers in DB:
2026-08-26T16:31:14.251Z [INFO]: Existing Genres in DB:
2026-08-26T16:31:14.269Z [INFO]: Existing Movies in DB:
2026-08-26T16:31:27.254Z [INFO]: Server is running on http://localhost:3000
2026-08-26T16:31:27.323Z [INFO]: Connected to MongoDB...
2026-08-26T16:31:27.340Z [INFO]: Existing Customers in DB:
2026-08-26T16:31:27.343Z [INFO]: Existing Movies in DB:
2026-08-26T16:31:27.357Z [INFO]: Existing Genres in DB:
2026-08-26T16:31:40.781Z [INFO]: Server is running on http://localhost:3000
2026-08-26T16:31:40.853Z [INFO]: Connected to MongoDB...
2026-08-26T16:31:40.869Z [INFO]: Existing Customers in DB:
2026-08-26T16:31:40.871Z [INFO]: Existing Movies in DB:
2026-08-26T16:31:40.883Z [INFO]: Existing Genres in DB:
2026-08-29T08:58:31.470Z [INFO]: Server is running on http://localhost:3000
2026-08-29T08:58:31.751Z [INFO]: Connected to MongoDB...
2026-08-29T08:58:31.780Z [INFO]: Existing Customers in DB:
2026-08-29T08:58:31.785Z [INFO]: Existing Movies in DB:
2026-08-29T08:58:31.798Z [INFO]: Existing Genres in DB:
2026-08-29T08:58:50.840Z [INFO]: Server is running on http://localhost:3000
2026-08-29T08:58:51.073Z [INFO]: Connected to MongoDB...
2026-08-29T08:58:51.095Z [INFO]: Existing Customers in DB:
2026-08-29T08:58:51.097Z [INFO]: Existing Movies in DB:
2026-08-29T08:58:51.108Z [INFO]: Existing Genres in DB:
2026-08-29T09:52:45.019Z [INFO]: Server is running on http://localhost:3000
2026-08-29T09:52:45.227Z [INFO]: Connected to MongoDB...
2026-08-29T09:52:45.259Z [INFO]: Existing Customers in DB:
2026-08-29T09:52:45.261Z [INFO]: Existing Movies in DB:
2026-08-29T09:52:45.275Z [INFO]: Existing Genres in DB:
2026-08-29T17:09:30.564Z [INFO]: Server is running on http://localhost:3000
2026-08-29T17:09:30.644Z [INFO]: Connected to MongoDB...
2026-08-29T17:09:30.665Z [INFO]: Existing Customers in DB:
2026-08-29T17:09:30.666Z [INFO]: Existing Movies in DB:
2026-08-29T17:09:30.677Z [INFO]: Existing Genres in DB:
2026-08-29T17:15:03.152Z [INFO]: Server is running on http://localhost:3000
2026-08-29T17:15:03.208Z [INFO]: Connected to MongoDB...
2026-08-29T17:15:03.231Z [INFO]: Existing Customers in DB:
2026-08-29T17:15:03.235Z [INFO]: Existing Movies in DB:
2026-08-29T17:15:03.246Z [INFO]: Existing Genres in DB:
2026-08-29T17:17:57.642Z [INFO]: Server is running on http://localhost:3000
2026-08-29T17:17:57.718Z [INFO]: Connected to MongoDB...
2026-08-29T17:17:57.737Z [INFO]: Existing Customers in DB:
2026-08-29T17:17:57.741Z [INFO]: Existing Movies in DB:
2026-08-29T17:17:57.754Z [INFO]: Existing Genres in DB:
2026-08-29T17:18:33.161Z [INFO]: Server is running on http://localhost:3000
2026-08-29T17:18:33.211Z [INFO]: Connected to MongoDB...
2026-08-29T17:18:33.229Z [INFO]: Existing Customers in DB:
2026-08-29T17:18:33.231Z [INFO]: Existing Movies in DB:
2026-08-29T17:18:33.245Z [INFO]: Existing Genres in DB:
2026-08-29T17:18:57.844Z [INFO]: Server is running on http://localhost:3000
2026-08-29T17:18:57.894Z [INFO]: Connected to MongoDB...
2026-08-29T17:18:57.914Z [INFO]: Existing Customers in DB:
2026-08-29T17:18:57.916Z [INFO]: Existing Movies in DB:
2026-08-29T17:18:57.943Z [INFO]: Existing Genres in DB:
2026-08-29T17:35:40.592Z [INFO]: Server is running on http://localhost:3000
2026-08-29T17:35:40.666Z [INFO]: Connected to MongoDB...
2026-08-29T17:35:40.685Z [INFO]: Existing Customers in DB:
2026-08-29T17:35:40.689Z [INFO]: Existing Movies in DB:
2026-08-29T17:35:40.701Z [INFO]: Existing Genres in DB:
2026-08-29T17:39:42.314Z [INFO]: Server is running on http://localhost:3000
2026-08-29T17:39:42.369Z [INFO]: Connected to MongoDB...
2026-08-29T17:39:42.395Z [INFO]: Existing Customers in DB:
2026-08-29T17:39:42.398Z [INFO]: Existing Movies in DB:
2026-08-29T17:39:42.413Z [INFO]: Existing Genres in DB:
2026-08-29T17:43:23.539Z [INFO]: Server is running on http://localhost:3000
2026-08-29T17:43:23.593Z [INFO]: Connected to MongoDB...
2026-08-29T17:43:23.612Z [INFO]: Existing Customers in DB: 26
2026-08-29T17:43:23.618Z [INFO]: Existing Movies in DB: 25
2026-08-29T17:43:23.629Z [INFO]: Existing Genres in DB: 28
2026-08-29T17:44:43.870Z [INFO]: Server is running on http://localhost:3000
2026-08-29T17:44:43.933Z [INFO]: Connected to MongoDB...
2026-08-29T17:44:43.952Z [INFO]: Existing Customers in DB: 26
2026-08-29T17:44:43.955Z [INFO]: Existing Movies in DB: 25
2026-08-29T17:44:43.969Z [INFO]: Existing Genres in DB: 28
2026-08-31T05:07:46.621Z [INFO]: Server is running on http://localhost:3000
2026-08-31T05:07:46.644Z [INFO]: Connected to MongoDB...
2026-08-31T05:07:46.655Z [INFO]: Existing Customers in DB: 26
2026-08-31T05:07:46.657Z [INFO]: Existing Movies in DB: 25
2026-08-31T05:07:46.662Z [INFO]: Existing Genres in DB: 28
2026-08-31T05:22:46.953Z [INFO]: Server is running on http://localhost:3000
2026-08-31T05:22:46.983Z [INFO]: Connected to MongoDB...
2026-08-31T05:22:46.996Z [INFO]: Existing Customers in DB: 26
2026-08-31T05:22:46.998Z [INFO]: Existing Movies in DB: 25
2026-08-31T05:22:47.004Z [INFO]: Existing Genres in DB: 28
2026-08-31T05:23:35.445Z [INFO]: Server is running on http://localhost:3000
2026-08-31T05:23:35.466Z [INFO]: Connected to MongoDB: mongodb://localhost:27017/vidify
2026-08-31T05:23:35.478Z [INFO]: Existing Customers in DB: 26
2026-08-31T05:23:35.481Z [INFO]: Existing Movies in DB: 25
2026-08-31T05:23:35.486Z [INFO]: Existing Genres in DB: 28
2026-08-31T05:23:45.946Z [INFO]: Server is running on http://localhost:3000
2026-08-31T05:23:45.978Z [INFO]: Connected to mongodb://localhost:27017/vidify
2026-08-31T05:23:45.986Z [INFO]: Existing Customers in DB: 26
2026-08-31T05:23:45.987Z [INFO]: Existing Movies in DB: 25
2026-08-31T05:23:45.993Z [INFO]: Existing Genres in DB: 28
2026-08-31T05:53:26.612Z [INFO]: Server is running on http://localhost:3000
2026-08-31T05:53:26.650Z [INFO]: Connected to mongodb://localhost:27017/vidify_tests
2026-08-31T05:53:26.665Z [INFO]: Existing Customers in DB: 0
2026-08-31T05:53:26.676Z [INFO]: Existing Movies in DB: 0
2026-08-31T05:53:26.679Z [INFO]: Existing Genres in DB: 0
2026-08-31T05:53:26.683Z [ERROR]: undefined
2026-08-31T05:53:26.691Z [INFO]: Existing Genres in DB: 0
2026-08-31T05:53:26.694Z [ERROR]: undefined
2026-08-31T05:53:26.743Z [INFO]: Initial Customer Data load Success! Total Data: 25
2026-08-31T05:56:45.970Z [INFO]: Server is running on http://localhost:3000
2026-08-31T05:56:46.001Z [INFO]: Connected to mongodb://localhost:27017/vidify_tests
2026-08-31T05:56:46.009Z [INFO]: Existing Customers in DB: 25
2026-08-31T05:56:46.011Z [INFO]: Existing Movies in DB: 0
2026-08-31T05:56:46.013Z [INFO]: Existing Genres in DB: 0
2026-08-31T05:56:46.020Z [ERROR]: undefined
2026-08-31T05:56:46.038Z [INFO]: Existing Genres in DB: 0
2026-08-31T05:56:46.050Z [ERROR]: undefined
2026-08-31T05:57:23.537Z [INFO]: Server is running on http://localhost:3000
2026-08-31T05:57:23.570Z [INFO]: Connected to mongodb://localhost:27017/vidify_tests
2026-08-31T05:57:23.579Z [INFO]: Existing Customers in DB: 25
2026-08-31T05:57:23.580Z [INFO]: Existing Movies in DB: 0
2026-08-31T05:57:23.582Z [INFO]: Existing Genres in DB: 0
2026-08-31T05:57:23.590Z [ERROR]: undefined
2026-08-31T05:57:23.612Z [INFO]: Existing Genres in DB: 0
2026-08-31T05:57:23.621Z [ERROR]: undefined
2026-08-31T06:02:19.020Z [INFO]: Server is running on http://localhost:3000
2026-08-31T06:02:19.055Z [INFO]: Connected to mongodb://localhost:27017/vidify_tests
2026-08-31T06:02:19.063Z [INFO]: Existing Customers in DB: 25
2026-08-31T06:02:19.065Z [INFO]: Existing Movies in DB: 0
2026-08-31T06:02:19.066Z [INFO]: Existing Genres in DB: 0
2026-08-31T06:02:19.072Z [ERROR]: undefined
2026-08-31T06:02:19.095Z [INFO]: Existing Genres in DB: 0
2026-08-31T06:02:19.100Z [ERROR]: undefined
2026-08-31T06:05:35.203Z [INFO]: Server is running on http://localhost:3000
2026-08-31T06:05:35.234Z [INFO]: Connected to mongodb://localhost:27017/vidify_tests
2026-08-31T06:08:40.087Z [INFO]: Server is running on http://localhost:3000
2026-08-31T06:08:40.139Z [INFO]: Connected to mongodb://localhost:27017/vidify_tests
2026-08-31T06:08:58.210Z [INFO]: Server is running on http://localhost:3000
2026-08-31T06:08:58.256Z [INFO]: Connected to mongodb://localhost:27017/vidify_tests
2026-08-31T06:09:03.777Z [INFO]: Server is running on http://localhost:3000
2026-08-31T06:09:03.811Z [INFO]: Connected to mongodb://localhost:27017/vidify_tests
2026-08-31T06:09:17.282Z [INFO]: Server is running on http://localhost:3000
2026-08-31T06:09:17.303Z [INFO]: Connected to mongodb://localhost:27017/vidify_tests
2026-08-31T06:09:37.365Z [INFO]: Server is running on http://localhost:3000
2026-08-31T06:09:37.416Z [INFO]: Connected to mongodb://localhost:27017/vidify_tests
2026-08-31T06:10:02.824Z [INFO]: Server is running on http://localhost:3000
2026-08-31T06:10:02.864Z [INFO]: Connected to mongodb://localhost:27017/vidify_tests
2026-08-31T06:10:11.213Z [INFO]: Server is running on http://localhost:3000
2026-08-31T06:10:11.297Z [INFO]: Connected to mongodb://localhost:27017/vidify_tests
2026-08-31T07:05:30.652Z [INFO]: Connected to mongodb://localhost:27017/vidify_tests
2026-08-31T07:06:27.346Z [INFO]: Connected to mongodb://localhost:27017/vidify_tests
2026-08-31T07:09:30.113Z [INFO]: Connected to mongodb://localhost:27017/vidify_tests
2026-08-31T07:09:53.612Z [INFO]: Connected to mongodb://localhost:27017/vidify_tests
2026-08-31T07:14:59.636Z [INFO]: Connected to mongodb://localhost:27017/vidify_tests
2026-08-31T07:22:19.422Z [INFO]: Connected to mongodb://localhost:27017/vidify_tests
2026-08-31T07:23:57.644Z [INFO]: Connected to mongodb://localhost:27017/vidify_tests
2026-08-31T07:24:18.775Z [INFO]: Connected to mongodb://localhost:27017/vidify_tests
2026-08-31T07:25:11.196Z [INFO]: Connected to mongodb://localhost:27017/vidify_tests
2026-08-31T08:02:35.433Z [INFO]: Connected to mongodb://localhost:27017/vidify_tests
2026-08-31T08:04:24.554Z [INFO]: Connected to mongodb://localhost:27017/vidify_tests
2026-08-31T08:04:40.821Z [INFO]: Connected to mongodb://localhost:27017/vidify_tests
2026-08-31T08:10:36.535Z [INFO]: Connected to mongodb://localhost:27017/vidify_tests
2026-08-31T08:10:45.765Z [INFO]: Connected to mongodb://localhost:27017/vidify_tests
2026-08-31T08:11:38.127Z [INFO]: Connected to mongodb://localhost:27017/vidify_tests
2026-08-31T08:17:17.218Z [INFO]: Connected to mongodb://localhost:27017/vidify_tests
2026-08-31T08:27:25.401Z [INFO]: Connected to mongodb://localhost:27017/vidify_tests
2026-08-31T08:28:03.665Z [INFO]: Connected to mongodb://localhost:27017/vidify_tests
2026-08-31T08:37:19.742Z [INFO]: Connected to mongodb://localhost:27017/vidify_tests
2026-08-31T08:48:08.708Z [INFO]: Connected to mongodb://localhost:27017/vidify_tests
2026-08-31T08:48:18.372Z [INFO]: Connected to mongodb://localhost:27017/vidify_tests
2026-08-31T09:00:48.527Z [INFO]: Connected to mongodb://localhost:27017/vidify_tests
2026-08-31T09:03:24.016Z [INFO]: Connected to mongodb://localhost:27017/vidify_tests
2026-08-31T09:04:51.562Z [INFO]: Connected to mongodb://localhost:27017/vidify_tests
2026-08-31T10:57:52.642Z [INFO]: Connected to mongodb://localhost:27017/vidify_tests
2026-08-31T11:12:36.168Z [INFO]: Connected to mongodb://localhost:27017/vidify_tests
2026-08-31T11:18:20.007Z [INFO]: Connected to mongodb://localhost:27017/vidify_tests
2026-08-31T11:24:51.062Z [INFO]: Connected to mongodb://localhost:27017/vidify_tests
2026-08-31T11:26:19.265Z [INFO]: Connected to mongodb://localhost:27017/vidify_tests
2026-08-31T11:32:07.970Z [INFO]: Connected to mongodb://localhost:27017/vidify_tests
2026-08-31T11:36:33.895Z [INFO]: Connected to mongodb://localhost:27017/vidify_tests
2026-08-31T11:36:35.235Z [INFO]: Connected to mongodb://localhost:27017/vidify_tests
2026-08-31T11:57:06.258Z [INFO]: Connected to mongodb://localhost:27017/vidify_tests
2026-08-31T11:57:06.362Z [ERROR]: jwt malformed
2026-08-31T11:57:07.971Z [INFO]: Connected to mongodb://localhost:27017/vidify_tests
2026-08-31T11:58:18.654Z [INFO]: Connected to mongodb://localhost:27017/vidify_tests
2026-08-31T11:58:18.728Z [ERROR]: jwt malformed
2026-08-31T11:58:19.831Z [INFO]: Connected to mongodb://localhost:27017/vidify_tests
2026-08-31T12:47:25.933Z [INFO]: Connected to mongodb://localhost:27017/vidify_tests
2026-08-31T12:47:26.067Z [ERROR]: jwt malformed
2026-08-31T12:47:26.155Z [ERROR]: jwt expired
2026-08-31T12:47:27.359Z [INFO]: Connected to mongodb://localhost:27017/vidify_tests
2026-08-31T12:51:11.986Z [INFO]: Connected to mongodb://localhost:27017/vidify_tests
2026-08-31T12:51:12.106Z [ERROR]: jwt malformed
2026-08-31T12:51:12.177Z [ERROR]: jwt expired
2026-08-31T12:51:14.137Z [INFO]: Connected to mongodb://localhost:27017/vidify_tests
2026-08-31T12:53:00.476Z [INFO]: Connected to mongodb://localhost:27017/vidify_tests
2026-08-31T12:53:00.571Z [ERROR]: jwt malformed
2026-08-31T12:53:00.653Z [ERROR]: jwt expired
2026-08-31T12:53:02.527Z [INFO]: Connected to mongodb://localhost:27017/vidify_tests
2026-08-31T12:53:14.243Z [INFO]: Connected to mongodb://localhost:27017/vidify_tests
2026-08-31T12:53:14.332Z [ERROR]: jwt malformed
2026-08-31T12:53:14.434Z [ERROR]: jwt expired
2026-08-31T12:53:16.214Z [INFO]: Connected to mongodb://localhost:27017/vidify_tests
2026-08-31T12:54:05.665Z [INFO]: Connected to mongodb://localhost:27017/vidify_tests
2026-08-31T12:54:05.739Z [ERROR]: jwt malformed
2026-08-31T12:54:05.897Z [ERROR]: jwt expired
2026-08-31T12:54:07.511Z [INFO]: Connected to mongodb://localhost:27017/vidify_tests
2026-08-31T12:55:19.228Z [INFO]: Connected to mongodb://localhost:27017/vidify_tests
2026-08-31T12:55:19.306Z [ERROR]: jwt malformed
2026-08-31T12:55:19.365Z [ERROR]: jwt expired
2026-08-31T12:55:20.466Z [INFO]: Connected to mongodb://localhost:27017/vidify_tests
2026-08-31T13:00:19.549Z [INFO]: Connected to mongodb://localhost:27017/vidify_tests
2026-08-31T13:00:19.653Z [ERROR]: jwt malformed
2026-08-31T13:00:19.792Z [ERROR]: jwt expired
2026-08-31T13:00:21.833Z [INFO]: Connected to mongodb://localhost:27017/vidify_tests
2026-08-31T13:49:45.367Z [INFO]: Connected to mongodb://localhost:27017/vidify_tests
2026-08-31T13:49:45.461Z [ERROR]: jwt malformed
2026-08-31T13:49:45.509Z [ERROR]: jwt expired
2026-08-31T13:49:46.852Z [INFO]: Connected to mongodb://localhost:27017/vidify_tests
2026-08-31T13:50:22.297Z [INFO]: Connected to mongodb://localhost:27017/vidify_tests
2026-08-31T13:50:22.436Z [ERROR]: jwt malformed
2026-08-31T13:50:22.580Z [ERROR]: jwt expired
2026-08-31T13:50:24.806Z [INFO]: Connected to mongodb://localhost:27017/vidify_tests
2026-08-31T13:52:30.642Z [INFO]: Connected to mongodb://localhost:27017/vidify_tests
2026-08-31T13:52:30.739Z [ERROR]: jwt malformed
2026-08-31T13:52:30.835Z [ERROR]: jwt expired
2026-08-31T13:52:32.242Z [INFO]: Connected to mongodb://localhost:27017/vidify_tests
2026-08-31T13:53:10.136Z [INFO]: Connected to mongodb://localhost:27017/vidify_tests
2026-08-31T13:53:10.250Z [ERROR]: jwt malformed
2026-08-31T13:53:10.396Z [ERROR]: jwt expired
2026-08-31T13:53:11.900Z [INFO]: Connected to mongodb://localhost:27017/vidify_tests
2026-08-31T13:53:40.811Z [INFO]: Connected to mongodb://localhost:27017/vidify_tests
2026-08-31T13:53:40.887Z [ERROR]: jwt malformed
2026-08-31T13:53:40.957Z [ERROR]: jwt expired
2026-08-31T13:53:41.945Z [INFO]: Connected to mongodb://localhost:27017/vidify_tests
2026-08-31T14:10:43.978Z [INFO]: Connected to mongodb://localhost:27017/vidify_tests
2026-08-31T14:10:44.032Z [ERROR]: jwt malformed
2026-08-31T14:10:44.062Z [ERROR]: jwt expired
2026-08-31T14:10:44.649Z [INFO]: Connected to mongodb://localhost:27017/vidify_tests
2026-08-31T14:12:48.554Z [INFO]: Connected to mongodb://localhost:27017/vidify_tests
2026-08-31T14:12:48.602Z [ERROR]: jwt malformed
2026-08-31T14:12:48.630Z [ERROR]: jwt expired
2026-08-31T14:12:49.222Z [INFO]: Connected to mongodb://localhost:27017/vidify_tests
2026-08-31T14:14:49.808Z [INFO]: Connected to mongodb://localhost:27017/vidify_tests
2026-08-31T14:14:49.869Z [ERROR]: jwt malformed
2026-08-31T14:14:50.370Z [ERROR]: jwt expired
2026-08-31T14:14:50.973Z [INFO]: Connected to mongodb://localhost:27017/vidify_tests
2026-08-31T14:15:19.229Z [INFO]: Connected to mongodb://localhost:27017/vidify_tests
2026-08-31T14:15:19.257Z [ERROR]: jwt malformed
2026-08-31T14:15:19.307Z [ERROR]: jwt expired
2026-08-31T14:15:19.871Z [INFO]: Connected to mongodb://localhost:27017/vidify_tests
2026-08-31T14:16:21.209Z [INFO]: Connected to mongodb://localhost:27017/vidify_tests
2026-08-31T14:16:21.237Z [ERROR]: jwt malformed
2026-08-31T14:16:21.287Z [ERROR]: jwt expired
2026-08-31T14:16:22.638Z [INFO]: Connected to mongodb://localhost:27017/vidify_tests
2026-08-31T14:16:53.571Z [INFO]: Connected to mongodb://localhost:27017/vidify_tests
2026-08-31T14:16:54.944Z [INFO]: Connected to mongodb://localhost:27017/vidify_tests
2026-08-31T14:16:54.974Z [ERROR]: jwt malformed
2026-08-31T14:16:55.029Z [ERROR]: jwt expired
2026-08-31T14:17:48.009Z [INFO]: Connected to mongodb://localhost:27017/vidify_tests
2026-08-31T14:17:48.042Z [ERROR]: jwt malformed
2026-08-31T14:17:48.084Z [ERROR]: jwt expired
2026-08-31T14:17:49.250Z [INFO]: Connected to mongodb://localhost:27017/vidify_tests
2026-08-31T14:18:31.146Z [INFO]: Connected to mongodb://localhost:27017/vidify_tests
2026-08-31T14:18:32.000Z [INFO]: Connected to mongodb://localhost:27017/vidify_tests
2026-08-31T14:18:32.028Z [ERROR]: jwt malformed
2026-08-31T14:18:32.061Z [ERROR]: jwt expired
2026-08-31T14:20:32.229Z [INFO]: Connected to mongodb://localhost:27017/vidify_tests
2026-08-31T14:20:33.070Z [INFO]: Connected to mongodb://localhost:27017/vidify_tests
2026-08-31T14:20:33.117Z [ERROR]: jwt malformed
2026-08-31T14:20:33.154Z [ERROR]: jwt expired
2026-08-31T14:21:02.628Z [INFO]: Connected to mongodb://localhost:27017/vidify_tests
2026-08-31T14:21:04.088Z [INFO]: Connected to mongodb://localhost:27017/vidify_tests
2026-08-31T14:21:04.118Z [ERROR]: jwt malformed
2026-08-31T14:21:04.173Z [ERROR]: jwt expired
2026-08-31T14:22:26.557Z [INFO]: Connected to mongodb://localhost:27017/vidify_tests
2026-08-31T14:22:27.325Z [INFO]: Connected to mongodb://localhost:27017/vidify_tests
2026-08-31T14:22:27.352Z [ERROR]: jwt malformed
2026-08-31T14:22:27.396Z [ERROR]: jwt expired
2026-08-31T14:24:16.522Z [INFO]: Connected to mongodb://localhost:27017/vidify_tests
2026-08-31T14:24:17.344Z [INFO]: Connected to mongodb://localhost:27017/vidify_tests
2026-08-31T14:24:17.371Z [ERROR]: jwt malformed
2026-08-31T14:24:17.413Z [ERROR]: jwt expired
2026-08-31T14:24:55.052Z [INFO]: Connected to mongodb://localhost:27017/vidify_tests
2026-08-31T14:24:56.890Z [INFO]: Connected to mongodb://localhost:27017/vidify_tests
2026-08-31T14:24:56.950Z [ERROR]: jwt malformed
2026-08-31T14:24:57.009Z [ERROR]: jwt expired
2026-08-31T14:25:21.069Z [INFO]: Connected to mongodb://localhost:27017/vidify_tests
2026-08-31T14:25:21.829Z [INFO]: Connected to mongodb://localhost:27017/vidify_tests
2026-08-31T14:25:21.871Z [ERROR]: jwt malformed
2026-08-31T14:25:21.905Z [ERROR]: jwt expired
2026-08-31T14:28:19.410Z [INFO]: Connected to mongodb://localhost:27017/vidify_tests
2026-08-31T14:28:20.201Z [INFO]: Connected to mongodb://localhost:27017/vidify_tests
2026-08-31T14:28:20.230Z [ERROR]: jwt malformed
2026-08-31T14:28:20.264Z [ERROR]: jwt expired
2026-08-31T14:28:34.190Z [INFO]: Connected to mongodb://localhost:27017/vidify_tests
2026-08-31T14:28:35.058Z [INFO]: Connected to mongodb://localhost:27017/vidify_tests
2026-08-31T14:28:35.093Z [ERROR]: jwt malformed
2026-08-31T14:28:35.119Z [ERROR]: jwt expired
2026-08-31T14:30:12.868Z [INFO]: Connected to mongodb://localhost:27017/vidify_tests
2026-08-31T14:30:12.923Z [INFO]: Connected to mongodb://localhost:27017/vidify_tests
2026-08-31T14:30:12.937Z [ERROR]: jwt malformed
2026-08-31T14:30:12.948Z [ERROR]: jwt expired
2026-08-31T14:33:05.030Z [INFO]: Connected to mongodb://localhost:27017/vidify_tests
2026-08-31T14:33:05.701Z [INFO]: Connected to mongodb://localhost:27017/vidify_tests
2026-08-31T14:33:05.729Z [ERROR]: jwt malformed
2026-08-31T14:33:05.771Z [ERROR]: jwt expired
2026-08-31T14:35:52.272Z [INFO]: Connected to mongodb://localhost:27017/vidify_tests
2026-08-31T14:35:53.050Z [INFO]: Connected to mongodb://localhost:27017/vidify_tests
2026-08-31T14:35:53.078Z [ERROR]: jwt malformed
2026-08-31T14:35:53.116Z [ERROR]: jwt expired
2026-08-31T14:36:19.729Z [INFO]: Connected to mongodb://localhost:27017/vidify_tests
2026-08-31T14:36:20.503Z [INFO]: Connected to mongodb://localhost:27017/vidify_tests
2026-08-31T14:36:20.538Z [ERROR]: jwt malformed
2026-08-31T14:36:20.567Z [ERROR]: jwt expired
2026-08-31T14:36:26.514Z [INFO]: Connected to mongodb://localhost:27017/vidify_tests
2026-08-31T14:36:26.530Z [ERROR]: jwt malformed
2026-08-31T14:36:26.540Z [ERROR]: jwt expired
2026-08-31T14:36:26.540Z [INFO]: Connected to mongodb://localhost:27017/vidify_tests
2026-08-31T14:44:33.690Z [INFO]: Connected to mongodb://localhost:27017/vidify_tests
2026-08-31T14:44:33.732Z [ERROR]: jwt malformed
2026-08-31T14:44:33.787Z [ERROR]: jwt expired
2026-08-31T14:44:34.280Z [INFO]: Connected to mongodb://localhost:27017/vidify_tests
2026-08-31T14:44:52.162Z [INFO]: Connected to mongodb://localhost:27017/vidify_tests
2026-08-31T14:44:52.195Z [ERROR]: jwt malformed
2026-08-31T14:44:52.233Z [ERROR]: jwt expired
2026-08-31T14:44:52.757Z [INFO]: Connected to mongodb://localhost:27017/vidify_tests
2026-08-31T14:45:03.599Z [INFO]: Connected to mongodb://localhost:27017/vidify_tests
2026-08-31T14:45:03.636Z [ERROR]: jwt malformed
2026-08-31T14:45:03.670Z [ERROR]: jwt expired
2026-08-31T14:45:08.218Z [INFO]: Connected to mongodb://localhost:27017/vidify_tests
2026-08-31T14:45:08.233Z [ERROR]: jwt malformed
2026-08-31T14:45:08.247Z [ERROR]: jwt expired
2026-08-31T14:45:08.705Z [INFO]: Connected to mongodb://localhost:27017/vidify_tests
2026-08-31T14:50:53.811Z [INFO]: Connected to mongodb://localhost:27017/vidify_tests
2026-08-31T14:51:01.825Z [INFO]: Connected to mongodb://localhost:27017/vidify_tests
2026-08-31T14:51:06.690Z [INFO]: Connected to mongodb://localhost:27017/vidify_tests
2026-08-31T14:51:39.018Z [INFO]: Connected to mongodb://localhost:27017/vidify_tests
2026-08-31T14:51:39.093Z [INFO]: Connected to mongodb://localhost:27017/vidify_tests
2026-08-31T14:51:39.106Z [ERROR]: jwt malformed
2026-08-31T14:51:39.115Z [ERROR]: jwt expired
2026-08-31T14:51:46.514Z [INFO]: Connected to mongodb://localhost:27017/vidify_tests
2026-08-31T14:51:46.548Z [INFO]: Connected to mongodb://localhost:27017/vidify_tests
2026-08-31T14:51:46.562Z [ERROR]: jwt malformed
2026-08-31T14:51:46.574Z [ERROR]: jwt expired
2026-08-31T14:53:48.291Z [INFO]: Connected to mongodb://localhost:27017/vidify_tests
2026-08-31T14:53:48.410Z [INFO]: Connected to mongodb://localhost:27017/vidify_tests
2026-08-31T14:53:48.423Z [ERROR]: jwt malformed
2026-08-31T14:53:48.433Z [ERROR]: jwt expired
2026-08-31T14:54:23.779Z [INFO]: Connected to mongodb://localhost:27017/vidify_tests
2026-08-31T14:54:23.784Z [INFO]: Connected to mongodb://localhost:27017/vidify_tests
2026-08-31T14:54:23.797Z [ERROR]: jwt malformed
2026-08-31T14:54:23.807Z [ERROR]: jwt expired
2026-08-31T14:55:54.330Z [INFO]: Connected to mongodb://localhost:27017/vidify_tests
2026-08-31T14:55:54.391Z [INFO]: Connected to mongodb://localhost:27017/vidify_tests
2026-08-31T14:55:54.405Z [ERROR]: jwt malformed
2026-08-31T14:55:54.416Z [ERROR]: jwt expired
2026-08-31T14:56:00.992Z [INFO]: Connected to mongodb://localhost:27017/vidify_tests
2026-08-31T14:56:01.080Z [INFO]: Connected to mongodb://localhost:27017/vidify_tests
2026-08-31T14:56:01.095Z [ERROR]: jwt malformed
2026-08-31T14:56:01.104Z [ERROR]: jwt expired
2026-08-31T14:59:40.381Z [INFO]: Connected to mongodb://localhost:27017/vidify_tests
2026-08-31T14:59:40.402Z [ERROR]: jwt malformed
2026-08-31T14:59:40.411Z [ERROR]: jwt expired
2026-08-31T14:59:40.460Z [INFO]: Connected to mongodb://localhost:27017/vidify_tests
2026-08-31T15:00:12.312Z [INFO]: Connected to mongodb://localhost:27017/vidify_tests
2026-08-31T15:00:12.423Z [INFO]: Connected to mongodb://localhost:27017/vidify_tests
2026-08-31T15:00:12.453Z [ERROR]: jwt malformed
2026-08-31T15:00:12.461Z [ERROR]: jwt expired
2026-08-31T15:00:37.175Z [INFO]: Connected to mongodb://localhost:27017/vidify_tests
2026-08-31T15:00:37.282Z [INFO]: Connected to mongodb://localhost:27017/vidify_tests
2026-08-31T15:00:37.298Z [ERROR]: jwt malformed
2026-08-31T15:00:37.307Z [ERROR]: jwt expired
2026-08-31T15:01:11.467Z [INFO]: Connected to mongodb://localhost:27017/vidify_tests
2026-08-31T15:01:44.339Z [INFO]: Connected to mongodb://localhost:27017/vidify_tests
2026-08-31T15:01:44.385Z [INFO]: Connected to mongodb://localhost:27017/vidify_tests
2026-08-31T15:01:44.400Z [ERROR]: jwt malformed
2026-08-31T15:01:44.414Z [ERROR]: jwt expired
2026-08-31T15:03:43.892Z [INFO]: Connected to mongodb://localhost:27017/vidify_tests
2026-08-31T15:03:44.429Z [INFO]: Connected to mongodb://localhost:27017/vidify_tests
2026-08-31T15:03:44.443Z [ERROR]: jwt malformed
2026-08-31T15:03:44.454Z [ERROR]: jwt expired
2026-08-31T15:07:45.594Z [INFO]: Connected to mongodb://localhost:27017/vidify_tests
2026-08-31T15:07:46.315Z [INFO]: Connected to mongodb://localhost:27017/vidify_tests
2026-08-31T15:07:46.329Z [ERROR]: jwt malformed
2026-08-31T15:07:46.341Z [ERROR]: jwt expired
2026-08-31T15:09:45.255Z [INFO]: Connected to mongodb://localhost:27017/vidify_tests
2026-08-31T15:09:45.939Z [INFO]: Connected to mongodb://localhost:27017/vidify_tests
2026-08-31T15:09:45.950Z [ERROR]: jwt malformed
2026-08-31T15:09:45.961Z [ERROR]: jwt expired
2026-08-31T15:11:29.743Z [INFO]: Connected to mongodb://localhost:27017/vidify_tests
2026-08-31T15:11:29.758Z [ERROR]: jwt malformed
2026-08-31T15:11:29.771Z [ERROR]: jwt expired
2026-08-31T15:11:30.366Z [INFO]: Connected to mongodb://localhost:27017/vidify_tests
2026-08-31T15:11:52.569Z [INFO]: Connected to mongodb://localhost:27017/vidify_tests
2026-08-31T15:11:52.583Z [ERROR]: jwt malformed
2026-08-31T15:11:52.593Z [ERROR]: jwt expired
2026-08-31T15:11:53.128Z [INFO]: Connected to mongodb://localhost:27017/vidify_tests
2026-08-31T15:12:18.870Z [INFO]: Connected to mongodb://localhost:27017/vidify_tests
2026-08-31T15:12:18.884Z [ERROR]: jwt malformed
2026-08-31T15:12:18.894Z [ERROR]: jwt expired
2026-08-31T15:12:19.402Z [INFO]: Connected to mongodb://localhost:27017/vidify_tests
2026-08-31T15:12:58.439Z [INFO]: Connected to mongodb://localhost:27017/vidify_tests
2026-08-31T15:12:58.456Z [ERROR]: jwt malformed
2026-08-31T15:12:58.469Z [ERROR]: jwt expired
2026-08-31T15:12:58.985Z [INFO]: Connected to mongodb://localhost:27017/vidify_tests
2026-08-31T15:19:48.002Z [INFO]: Connected to mongodb://localhost:27017/vidify_tests
2026-08-31T15:19:48.021Z [ERROR]: jwt malformed
2026-08-31T15:19:48.037Z [ERROR]: jwt expired
2026-08-31T15:19:48.575Z [INFO]: Connected to mongodb://localhost:27017/vidify_tests
2026-08-31T15:19:53.504Z [INFO]: Connected to mongodb://localhost:27017/vidify_tests
2026-08-31T15:19:53.518Z [ERROR]: jwt malformed
2026-08-31T15:19:53.530Z [ERROR]: jwt expired
2026-08-31T15:19:54.012Z [INFO]: Connected to mongodb://localhost:27017/vidify_tests
2026-08-31T15:20:10.391Z [INFO]: Connected to mongodb://localhost:27017/vidify_tests
2026-08-31T15:20:10.413Z [ERROR]: jwt malformed
2026-08-31T15:20:10.427Z [ERROR]: jwt expired
2026-08-31T15:20:10.941Z [INFO]: Connected to mongodb://localhost:27017/vidify_tests
2026-08-31T15:20:59.998Z [INFO]: Connected to mongodb://localhost:27017/vidify_tests
2026-08-31T15:21:00.019Z [ERROR]: jwt malformed
2026-08-31T15:21:00.036Z [ERROR]: jwt expired
2026-08-31T15:21:00.507Z [INFO]: Connected to mongodb://localhost:27017/vidify_tests
2026-08-31T15:21:23.539Z [INFO]: Connected to mongodb://localhost:27017/vidify_tests
2026-08-31T15:21:23.556Z [ERROR]: jwt malformed
2026-08-31T15:21:23.569Z [ERROR]: jwt expired
2026-08-31T15:21:24.062Z [INFO]: Connected to mongodb://localhost:27017/vidify_tests
2026-08-31T15:43:38.385Z [INFO]: Connected to mongodb://localhost:27017/vidify_tests
2026-08-31T15:43:38.398Z [ERROR]: jwt malformed
2026-08-31T15:43:38.412Z [ERROR]: jwt expired
2026-08-31T15:43:38.876Z [INFO]: Connected to mongodb://localhost:27017/vidify_tests
